// Jest Snapshot v1, https://goo.gl/fbAQLP

exports[`should render ExpenseList with empty message 1`] = `
<div>
  <h1>
    Expense List
  </h1>
  <p>
    No expenses
  </p>
</div>
`;

exports[`should render ExpenseList with expenses 1`] = `
<div>
  <h1>
    Expense List
  </h1>
  <Connect(ExpenseListItem)
    amount={19500}
    createdAt={-345600000}
    description="Rent"
    id="1"
    key="1"
    note="this is rent payment"
  />
  <Connect(ExpenseListItem)
    amount={2000}
    createdAt={0}
    description="Gum"
    id="2"
    key="2"
    note=""
  />
  <Connect(ExpenseListItem)
    amount={100}
    createdAt={345600000}
    description="Water"
    id="3"
    key="3"
    note=""
  />
</div>
`;
